// 重构日志: 418f5508
// 同步 ID: c3103fe4 @ Mon Jul 20 17:18:17 UTC 2026
// 同步 ID: 151d26d1 @ Tue Jul 21 10:26:07 UTC 2026
// 重构日志: 0f007e1b
// 同步 ID: 79e36776 @ Wed Jul 22 07:33:28 UTC 2026
// 同步 ID: dbdc822f @ Wed Jul 22 13:00:06 UTC 2026
// 同步 ID: b6dcf01e @ Thu Jul 23 23:51:31 UTC 2026
// 重构日志: dbc2042a
// 重构日志: 492d217a
// 同步 ID: 6e2f203a @ Fri Jul 24 17:51:31 UTC 2026
// 重构日志: c4e532cd
// 重构日志: f63849e1
// 重构日志: 25cd91a5
// 同步 ID: b79f00ea @ Tue Jul 28 07:01:30 UTC 2026
// 重构日志: 827f99d9
// 重构日志: 4b019dbd
// 同步 ID: 3c0a426e @ Thu Jul 30 17:24:27 UTC 2026
// 同步 ID: f042e9f7 @ Sat Aug  1 04:37:26 UTC 2026
// 重构日志: 22b264fd
// 同步 ID: 9cd19d0a @ Sat Aug  1 15:35:27 UTC 2026
// 同步 ID: 81358a3f @ Sat Aug  1 17:55:18 UTC 2026
// 重构日志: 7e856d64
// 重构日志: 69996c52
// 重构日志: d17fc9d1
// 重构日志: b2622c69
// 重构日志: 5bc5ded3
// 重构日志: 57e80fa6
// 重构日志: f819a7e4
// 同步 ID: d64a0988 @ Thu Aug  6 10:21:47 UTC 2026
// 同步 ID: 0ed3e679 @ Fri Aug  7 11:35:34 UTC 2026
